Successfully exported 7 workflows.
Exported 7 workflows.
[main 29496d1] sync: n8n workflows 2026-05-31 02:00
 8 files changed, 1056 insertions(+), 48 deletions(-)
 create mode 100644 My_workflow/workflow.json
 create mode 100644 TravelVlog_YouTube_Channel_Leads/workflow.json
 create mode 100644 sync.log
To https://github.com/29hashir04/n8n-workflows.git
   b71d8ef..29496d1  main -> main
Pushed to GitHub successfully.
Successfully exported 8 workflows.
Exported 8 workflows.
[main 54d7280] sync: n8n workflows 2026-06-20 02:00
 3 files changed, 1254 insertions(+), 70 deletions(-)
 create mode 100644 AI_Automation_Job_Tracker__Rotating_Query__Remotive__Groq__Slack/workflow.json
To https://github.com/29hashir04/n8n-workflows.git
   29496d1..54d7280  main -> main
Pushed to GitHub successfully.
Successfully exported 8 workflows.
Exported 8 workflows.
[main 2c33cb2] sync: n8n workflows 2026-06-23 02:00
 1 file changed, 8 insertions(+)
To https://github.com/29hashir04/n8n-workflows.git
   54d7280..2c33cb2  main -> main
Pushed to GitHub successfully.
Error tracking disabled because this release is older than 6 weeks.
Successfully exported 8 workflows.
Exported 8 workflows.
[main c0de219] sync: n8n workflows 2026-07-08 02:00
 1 file changed, 8 insertions(+)
To https://github.com/29hashir04/n8n-workflows.git
   2c33cb2..c0de219  main -> main
Pushed to GitHub successfully.
Error tracking disabled because this release is older than 6 weeks.
Successfully exported 8 workflows.
Exported 8 workflows.
[main 1a9ba79] sync: n8n workflows 2026-07-09 02:00
 1 file changed, 8 insertions(+)
To https://github.com/29hashir04/n8n-workflows.git
   c0de219..1a9ba79  main -> main
Pushed to GitHub successfully.
Error tracking disabled because this release is older than 6 weeks.
Successfully exported 8 workflows.
Exported 8 workflows.
[main f0c5cbd] sync: n8n workflows 2026-07-14 02:00
 1 file changed, 8 insertions(+)
To https://github.com/29hashir04/n8n-workflows.git
   1a9ba79..f0c5cbd  main -> main
Pushed to GitHub successfully.
Error tracking disabled because this release is older than 6 weeks.
Successfully exported 8 workflows.
Exported 8 workflows.
[main befa4f1] sync: n8n workflows 2026-07-15 02:00
 1 file changed, 8 insertions(+)
To https://github.com/29hashir04/n8n-workflows.git
   f0c5cbd..befa4f1  main -> main
Pushed to GitHub successfully.
Error tracking disabled because this release is older than 6 weeks.
Successfully exported 8 workflows.
Exported 8 workflows.
[main 275fed8] sync: n8n workflows 2026-07-21 03:03
 1 file changed, 8 insertions(+)
To https://github.com/29hashir04/n8n-workflows.git
   befa4f1..275fed8  main -> main
Pushed to GitHub successfully.
Error tracking disabled because this release is older than 6 weeks.
Successfully exported 8 workflows.
Exported 8 workflows.
[main 4ab86e0] sync: n8n workflows 2026-07-24 02:00
 1 file changed, 8 insertions(+)
To https://github.com/29hashir04/n8n-workflows.git
   275fed8..4ab86e0  main -> main
Pushed to GitHub successfully.
Error tracking disabled because this release is older than 6 weeks.
Successfully exported 8 workflows.
Exported 8 workflows.
[main e449bb8] sync: n8n workflows 2026-07-28 03:01
 1 file changed, 8 insertions(+)
To https://github.com/29hashir04/n8n-workflows.git
   4ab86e0..e449bb8  main -> main
Pushed to GitHub successfully.
Error tracking disabled because this release is older than 6 weeks.
Successfully exported 8 workflows.
Exported 8 workflows.
[main de10c09] sync: n8n workflows 2026-07-30 03:03
 1 file changed, 8 insertions(+)
To https://github.com/29hashir04/n8n-workflows.git
   e449bb8..de10c09  main -> main
Pushed to GitHub successfully.
Error tracking disabled because this release is older than 6 weeks.
Successfully exported 8 workflows.
Exported 8 workflows.
